
  .   ____          _            __ _ _
 /\\ / ___'_ __ _ _(_)_ __  __ _ \ \ \ \
( ( )\___ | '_ | '_| | '_ \/ _` | \ \ \ \
 \\/  ___)| |_)| | | | | || (_| |  ) ) ) )
  '  |____| .__|_| |_|_| |_\__, | / / / /
 =========|_|==============|___/=/_/_/_/

 :: Spring Boot ::               (v3.5.16)

2026-07-18T09:49:06.864+01:00  INFO 46389 --- [           main] c.m.restservice.RestServiceApplication   : Starting RestServiceApplication v0.0.1-SNAPSHOT using Java 25.0.2 with PID 46389 (/Users/paulolphert/git_repo/motreminder/target/rest-service-0.0.1-SNAPSHOT.jar started by paulolphert in /Users/paulolphert/git_repo/motreminder)
2026-07-18T09:49:06.866+01:00 DEBUG 46389 --- [           main] c.m.restservice.RestServiceApplication   : Running with Spring Boot v3.5.16, Spring v6.2.19
2026-07-18T09:49:06.866+01:00  INFO 46389 --- [           main] c.m.restservice.RestServiceApplication   : No active profile set, falling back to 1 default profile: "default"
2026-07-18T09:49:07.694+01:00  INFO 46389 --- [           main] o.s.b.w.embedded.tomcat.TomcatWebServer  : Tomcat initialized with port 8082 (http)
2026-07-18T09:49:07.713+01:00  INFO 46389 --- [           main] o.apache.catalina.core.StandardService   : Starting service [Tomcat]
2026-07-18T09:49:07.713+01:00  INFO 46389 --- [           main] o.apache.catalina.core.StandardEngine    : Starting Servlet engine: [Apache Tomcat/10.1.55]
2026-07-18T09:49:07.743+01:00  INFO 46389 --- [           main] o.a.c.c.C.[Tomcat].[localhost].[/]       : Initializing Spring embedded WebApplicationContext
2026-07-18T09:49:07.743+01:00  INFO 46389 --- [           main] w.s.c.ServletWebServerApplicationContext : Root WebApplicationContext: initialization completed in 787 ms
Firestore has been initialized
2026-07-18T09:49:08.373+01:00  INFO 46389 --- [           main] o.s.b.a.w.s.WelcomePageHandlerMapping    : Adding welcome page template: index
2026-07-18T09:49:08.592+01:00  INFO 46389 --- [           main] o.s.b.w.embedded.tomcat.TomcatWebServer  : Tomcat started on port 8082 (http) with context path '/'
2026-07-18T09:49:08.607+01:00  INFO 46389 --- [           main] c.m.restservice.RestServiceApplication   : Started RestServiceApplication in 2.033 seconds (process running for 2.327)
2026-07-18T09:49:14.261+01:00  INFO 46389 --- [omcat-handler-0] o.a.c.c.C.[Tomcat].[localhost].[/]       : Initializing Spring DispatcherServlet 'dispatcherServlet'
2026-07-18T09:49:14.262+01:00  INFO 46389 --- [omcat-handler-0] o.s.web.servlet.DispatcherServlet        : Initializing Servlet 'dispatcherServlet'
2026-07-18T09:49:14.263+01:00  INFO 46389 --- [omcat-handler-0] o.s.web.servlet.DispatcherServlet        : Completed initialization in 1 ms
2026-07-18T09:50:56.535+01:00  INFO 46389 --- [omcat-handler-2] o.apache.coyote.http11.Http11Processor   : Error parsing HTTP request header
 Note: further occurrences of HTTP request parsing errors will be logged at DEBUG level.

java.lang.IllegalArgumentException: Invalid character found in method name [0x160x030x010x010x000x010x000x000xfc0x030x030xf60x140xfd0x850x89^_0x13f20xb0ut-0xa30x980xa50xb30xa5!0x0f0x8cL'0x180xeb0x110x9fD0xa60xd0N ]. HTTP method names must be tokens
	at org.apache.coyote.http11.Http11InputBuffer.parseRequestLine(Http11InputBuffer.java:402) ~[tomcat-embed-core-10.1.55.jar!/:na]
	at org.apache.coyote.http11.Http11Processor.service(Http11Processor.java:272) ~[tomcat-embed-core-10.1.55.jar!/:na]
	at org.apache.coyote.AbstractProcessorLight.process(AbstractProcessorLight.java:63) ~[tomcat-embed-core-10.1.55.jar!/:na]
	at org.apache.coyote.AbstractProtocol$ConnectionHandler.process(AbstractProtocol.java:1272) ~[tomcat-embed-core-10.1.55.jar!/:na]
	at org.apache.tomcat.util.net.NioEndpoint$SocketProcessor.doRun(NioEndpoint.java:1797) ~[tomcat-embed-core-10.1.55.jar!/:na]
	at org.apache.tomcat.util.net.SocketProcessorBase.run(SocketProcessorBase.java:52) ~[tomcat-embed-core-10.1.55.jar!/:na]
	at java.base/java.lang.VirtualThread.run(VirtualThread.java:456) ~[na:na]

